// 重构日志: 36dcad65
// 重构日志: afe2ce16
// 重构日志: 2bb50d56
// 同步 ID: 7f13e023 @ Sat Jul 18 12:07:45 UTC 2026
// 同步 ID: 842e3f14 @ Sat Jul 18 13:21:49 UTC 2026
// 同步 ID: 0d5d9453 @ Sun Jul 19 09:45:38 UTC 2026
// 同步 ID: 127586d4 @ Sun Jul 19 11:06:24 UTC 2026
// 重构日志: 9a5f483f
// 重构日志: 312e910b
// 同步 ID: ef5c346a @ Mon Jul 20 12:13:21 UTC 2026
// 同步 ID: 5d582c2d @ Tue Jul 21 05:42:59 UTC 2026
// 重构日志: 58debea7
// 重构日志: 6c02d865
// 重构日志: 69cde463
// 重构日志: 1428adff
// 同步 ID: 530a1241 @ Wed Jul 22 20:30:49 UTC 2026
// 重构日志: ba5c9f82
// 重构日志: 387c46bc
// 重构日志: 2b82538f
// 同步 ID: 8507a7db @ Fri Jul 24 22:05:53 UTC 2026
// 重构日志: dd6d76e5
// 重构日志: e4e25797
// 重构日志: 6f587326
// 同步 ID: dc68f8a7 @ Tue Jul 28 17:56:04 UTC 2026
// 重构日志: d6fc2be8
// 重构日志: caa3c594
// 重构日志: 90b10773
// 同步 ID: 345438ef @ Fri Jul 31 05:49:12 UTC 2026
// 重构日志: 3347edfe
// 同步 ID: 43fb0f50 @ Fri Jul 31 11:44:27 UTC 2026
